// Jest Snapshot v1, https://goo.gl/fbAQLP

exports[`test vehicle 1`] = `
<View
  style={
    Object {
      "flex": 1,
      "paddingHorizontal": 20,
    }
  }
>
  <View
    style={
      Object {
        "alignItems": "center",
        "backgroundColor": "white",
        "borderRadius": 10,
        "elevation": 2,
        "flexDirection": "row",
        "height": 44,
        "marginVertical": 10,
        "paddingHorizontal": 10,
        "width": "100%",
      }
    }
  >
    <Text />
    <TextInput
      placeholder="Tìm kiếm xe gửi"
      placeholderTextColor="#FF953A"
      style={
        Array [
          Object {
            "flex": 1,
            "fontSize": 20,
            "marginLeft": 10,
          },
          Object {
            "fontSize": 14,
          },
        ]
      }
    />
  </View>
  <Text
    style={
      Object {
        "fontSize": 16,
        "fontWeight": "700",
        "marginBottom": 10,
      }
    }
  >
    Xe đang gửi
  </Text>
  <View>
    <View
      style={Object {}}
    >
      <View>
        <View
          accessible={true}
          collapsable={false}
          focusable={true}
          onBlur={[Function]}
          onClick={[Function]}
          onFocus={[Function]}
          onResponderGrant={[Function]}
          onResponderMove={[Function]}
          onResponderRelease={[Function]}
          onResponderTerminate={[Function]}
          onResponderTerminationRequest={[Function]}
          onStartShouldSetResponder={[Function]}
          style={
            Object {
              "backgroundColor": "#FFF5EC",
              "borderColor": "rgba(255, 149, 58, 0.25)",
              "borderRadius": 20,
              "borderStyle": "solid",
              "borderWidth": 1,
              "elevation": 2,
              "marginBottom": 16,
              "paddingHorizontal": 20,
              "paddingVertical": 16,
            }
          }
        >
          <View
            style={
              Object {
                "alignItems": "center",
                "flexDirection": "row",
              }
            }
          >
            <Image
              source={1}
              style={
                Object {
                  "height": 22,
                  "width": 41,
                }
              }
            />
            <Text
              style={
                Object {
                  "color": "#3D3D3D",
                  "flex": 1,
                  "fontSize": 16,
                  "fontWeight": "600",
                  "marginLeft": 12,
                }
              }
            >
              60 - B6 75901
            </Text>
            <View
              accessible={true}
              collapsable={false}
              focusable={true}
              onBlur={[Function]}
              onClick={[Function]}
              onFocus={[Function]}
              onResponderGrant={[Function]}
              onResponderMove={[Function]}
              onResponderRelease={[Function]}
              onResponderTerminate={[Function]}
              onResponderTerminationRequest={[Function]}
              onStartShouldSetResponder={[Function]}
              style={
                Array [
                  Object {
                    "alignItems": "center",
                    "backgroundColor": "#FF953A",
                    "borderRadius": 8,
                    "justifyContent": "center",
                    "minWidth": 40,
                    "paddingHorizontal": 12,
                    "paddingVertical": 6,
                  },
                  undefined,
                ]
              }
            >
              <Text
                style={
                  Array [
                    Object {
                      "color": "white",
                      "fontSize": 16,
                      "fontWeight": "600",
                      "textAlign": "center",
                    },
                    undefined,
                  ]
                }
              >
                Lấy xe
              </Text>
            </View>
          </View>
        </View>
      </View>
      <View>
        <View
          accessible={true}
          collapsable={false}
          focusable={true}
          onBlur={[Function]}
          onClick={[Function]}
          onFocus={[Function]}
          onResponderGrant={[Function]}
          onResponderMove={[Function]}
          onResponderRelease={[Function]}
          onResponderTerminate={[Function]}
          onResponderTerminationRequest={[Function]}
          onStartShouldSetResponder={[Function]}
          style={
            Object {
              "backgroundColor": "#FFF5EC",
              "borderColor": "rgba(255, 149, 58, 0.25)",
              "borderRadius": 20,
              "borderStyle": "solid",
              "borderWidth": 1,
              "elevation": 2,
              "marginBottom": 16,
              "paddingHorizontal": 20,
              "paddingVertical": 16,
            }
          }
        >
          <View
            style={
              Object {
                "alignItems": "center",
                "flexDirection": "row",
              }
            }
          >
            <Image
              source={1}
              style={
                Object {
                  "height": 22,
                  "width": 41,
                }
              }
            />
            <Text
              style={
                Object {
                  "color": "#3D3D3D",
                  "flex": 1,
                  "fontSize": 16,
                  "fontWeight": "600",
                  "marginLeft": 12,
                }
              }
            >
              60 - B6 75901
            </Text>
            <View
              accessible={true}
              collapsable={false}
              focusable={true}
              onBlur={[Function]}
              onClick={[Function]}
              onFocus={[Function]}
              onResponderGrant={[Function]}
              onResponderMove={[Function]}
              onResponderRelease={[Function]}
              onResponderTerminate={[Function]}
              onResponderTerminationRequest={[Function]}
              onStartShouldSetResponder={[Function]}
              style={
                Array [
                  Object {
                    "alignItems": "center",
                    "backgroundColor": "#FF953A",
                    "borderRadius": 8,
                    "justifyContent": "center",
                    "minWidth": 40,
                    "paddingHorizontal": 12,
                    "paddingVertical": 6,
                  },
                  undefined,
                ]
              }
            >
              <Text
                style={
                  Array [
                    Object {
                      "color": "white",
                      "fontSize": 16,
                      "fontWeight": "600",
                      "textAlign": "center",
                    },
                    undefined,
                  ]
                }
              >
                Lấy xe
              </Text>
            </View>
          </View>
        </View>
      </View>
    </View>
  </View>
</View>
`;
