// Jest Snapshot v1, https://goo.gl/fbAQLP

exports[`test offer list 1`] = `
<View
  style={
    Object {
      "flex": 1,
    }
  }
>
  <View
    style={
      Object {
        "alignItems": "center",
        "flexDirection": "row",
        "justifyContent": "space-between",
        "marginVertical": 16,
      }
    }
  >
    <Text
      style={
        Array [
          Object {
            "fontSize": 24,
            "fontWeight": "700",
          },
          undefined,
        ]
      }
    >
      Ưu đãi mới
    </Text>
    <View>
      <View
        accessible={true}
        collapsable={false}
        focusable={true}
        onBlur={[Function]}
        onClick={[Function]}
        onFocus={[Function]}
        onResponderGrant={[Function]}
        onResponderMove={[Function]}
        onResponderRelease={[Function]}
        onResponderTerminate={[Function]}
        onResponderTerminationRequest={[Function]}
        onStartShouldSetResponder={[Function]}
        style={
          Object {
            "alignItems": "center",
            "flexDirection": "row",
          }
        }
      >
        <Text
          style={
            Object {
              "color": "#FF953A",
              "fontSize": 16,
              "fontWeight": "600",
            }
          }
        >
          Xem thêm
        </Text>
        <Text />
      </View>
    </View>
  </View>
  <Text>
    Loading
  </Text>
</View>
`;
