// Jest Snapshot v1, https://goo.gl/fbAQLP

exports[`test login 1`] = `
<View
  accessible={true}
  collapsable={false}
  focusable={true}
  onBlur={[Function]}
  onClick={[Function]}
  onFocus={[Function]}
  onResponderGrant={[Function]}
  onResponderMove={[Function]}
  onResponderRelease={[Function]}
  onResponderTerminate={[Function]}
  onResponderTerminationRequest={[Function]}
  onStartShouldSetResponder={[Function]}
  style={
    Object {
      "alignItems": "center",
      "flexDirection": "row",
      "justifyContent": "center",
      "marginTop": 16,
    }
  }
>
  <Text />
  <Text
    style={
      Object {
        "fontSize": 16,
        "paddingLeft": 8,
      }
    }
  >
    Mở khóa bằng vân tay
  </Text>
</View>
`;
