// Jest Snapshot v1, https://goo.gl/fbAQLP

exports[`test notifications 1`] = `
<View>
  <RCTSafeAreaView
    style={
      Object {
        "alignItems": "center",
      }
    }
  >
    <RCTScrollView
      ListFooterComponent={
        <ActivityIndicator
          size="large"
        />
      }
      contentContainerStyle={
        Object {
          "alignSelf": "center",
          "paddingVertical": 16,
          "width": "90%",
        }
      }
      data={Array []}
      getItem={[Function]}
      getItemCount={[Function]}
      keyExtractor={[Function]}
      onContentSizeChange={[Function]}
      onEndReached={[Function]}
      onLayout={[Function]}
      onMomentumScrollBegin={[Function]}
      onMomentumScrollEnd={[Function]}
      onScroll={[Function]}
      onScrollBeginDrag={[Function]}
      onScrollEndDrag={[Function]}
      removeClippedSubviews={false}
      renderItem={[Function]}
      scrollEventThrottle={50}
      stickyHeaderIndices={Array []}
      style={
        Object {
          "width": "100%",
        }
      }
      viewabilityConfigCallbackPairs={Array []}
    >
      <View>
        <View
          onLayout={[Function]}
        >
          <ActivityIndicator
            size="large"
          />
        </View>
      </View>
    </RCTScrollView>
  </RCTSafeAreaView>
</View>
`;
