// Jest Snapshot v1, https://goo.gl/fbAQLP

exports[`test manage payment 1`] = `
<View
  style={
    Object {
      "backgroundColor": "#fff",
      "flex": 1,
      "padding": 20,
    }
  }
>
  <Text
    style={
      Object {
        "fontSize": 14,
        "marginBottom": 10,
        "textTransform": "uppercase",
      }
    }
  >
    Hình thức thanh toán khả dụng
  </Text>
  <View
    accessible={true}
    collapsable={false}
    focusable={true}
    onBlur={[Function]}
    onClick={[Function]}
    onFocus={[Function]}
    onResponderGrant={[Function]}
    onResponderMove={[Function]}
    onResponderRelease={[Function]}
    onResponderTerminate={[Function]}
    onResponderTerminationRequest={[Function]}
    onStartShouldSetResponder={[Function]}
    style={
      Array [
        Object {
          "backgroundColor": "#FBFBFB",
          "borderRadius": 5,
          "flexDirection": "row",
          "justifyContent": "space-between",
          "marginBottom": 10,
          "padding": 20,
        },
        undefined,
      ]
    }
  >
    <View
      style={
        Object {
          "alignItems": "center",
          "flexDirection": "row",
        }
      }
    >
      <Image
        source={1}
        style={
          Object {
            "height": 25,
            "marginRight": 5,
            "width": 25,
          }
        }
      />
      <Text
        style={
          Array [
            Object {
              "fontSize": 16,
            },
            undefined,
          ]
        }
      >
        MoMo
      </Text>
    </View>
    <Text />
  </View>
  <Text
    style={
      Object {
        "fontSize": 14,
        "marginBottom": 10,
        "textTransform": "uppercase",
      }
    }
  >
    Thêm hình thức thanh toán
  </Text>
  <View
    style={
      Object {
        "flexDirection": "row",
        "flexWrap": "wrap",
        "justifyContent": "space-between",
      }
    }
  >
    <View
      accessible={true}
      collapsable={false}
      focusable={true}
      onBlur={[Function]}
      onClick={[Function]}
      onFocus={[Function]}
      onResponderGrant={[Function]}
      onResponderMove={[Function]}
      onResponderRelease={[Function]}
      onResponderTerminate={[Function]}
      onResponderTerminationRequest={[Function]}
      onStartShouldSetResponder={[Function]}
      style={
        Array [
          Object {
            "backgroundColor": "#FBFBFB",
            "borderRadius": 5,
            "flexDirection": "row",
            "justifyContent": "space-between",
            "marginBottom": 10,
            "padding": 20,
          },
          Object {
            "width": "49%",
          },
        ]
      }
    >
      <View
        style={
          Object {
            "alignItems": "center",
            "flexDirection": "row",
          }
        }
      >
        <Image
          source={1}
          style={
            Object {
              "height": 25,
              "marginRight": 5,
              "width": 25,
            }
          }
        />
        <Text
          style={
            Array [
              Object {
                "fontSize": 16,
              },
              Object {
                "color": "#B3B3B3",
              },
            ]
          }
        >
          MoMo
        </Text>
      </View>
    </View>
    <View
      accessible={true}
      collapsable={false}
      focusable={true}
      onBlur={[Function]}
      onClick={[Function]}
      onFocus={[Function]}
      onResponderGrant={[Function]}
      onResponderMove={[Function]}
      onResponderRelease={[Function]}
      onResponderTerminate={[Function]}
      onResponderTerminationRequest={[Function]}
      onStartShouldSetResponder={[Function]}
      style={
        Array [
          Object {
            "backgroundColor": "#FBFBFB",
            "borderRadius": 5,
            "flexDirection": "row",
            "justifyContent": "space-between",
            "marginBottom": 10,
            "padding": 20,
          },
          Object {
            "width": "49%",
          },
        ]
      }
    >
      <View
        style={
          Object {
            "alignItems": "center",
            "flexDirection": "row",
          }
        }
      >
        <Image
          source={1}
          style={
            Object {
              "height": 25,
              "marginRight": 5,
              "width": 25,
            }
          }
        />
        <Text
          style={
            Array [
              Object {
                "fontSize": 16,
              },
              Object {
                "color": "#B3B3B3",
              },
            ]
          }
        >
          ZaloPay
        </Text>
      </View>
    </View>
  </View>
</View>
`;
